#-----------------------------------------------------------
# Webtalk v2020.2 (64-bit)
# SW Build 3064766 on Wed Nov 18 09:12:45 MST 2020
# IP Build 3064653 on Wed Nov 18 14:17:31 MST 2020
# Start of session at: Thu May 13 19:10:40 2021
# Process ID: 76840
# Current directory: C:/Users/Edgar Vallejo Curti/Documents/Escuela/ITESO/5TO SEMESTRE/Fundamentos de Sistemas Digitales/workspace/proyecto_final/proyecto_final.sim/sim_1/behav/xsim
# Command line: wbtcv.exe -mode batch -source C:/Users/Edgar Vallejo Curti/Documents/Escuela/ITESO/5TO SEMESTRE/Fundamentos de Sistemas Digitales/workspace/proyecto_final/proyecto_final.sim/sim_1/behav/xsim/xsim.dir/digital_gameTB_behav/webtalk/xsim_webtalk.tcl -notrace
# Log file: C:/Users/Edgar Vallejo Curti/Documents/Escuela/ITESO/5TO SEMESTRE/Fundamentos de Sistemas Digitales/workspace/proyecto_final/proyecto_final.sim/sim_1/behav/xsim/webtalk.log
# Journal file: C:/Users/Edgar Vallejo Curti/Documents/Escuela/ITESO/5TO SEMESTRE/Fundamentos de Sistemas Digitales/workspace/proyecto_final/proyecto_final.sim/sim_1/behav/xsim\webtalk.jou
#-----------------------------------------------------------
source C:/Users/Edgar -notrace
